Microchip MPLAB XC8 Compiler V2.20

Linker command line:

-W-3 --edf=C:\Program Files\Microchip\xc8\v2.20\pic\dat\en_msgs.txt \
  -pivt0x8=08h -cn \
  -h+dist/default/production\pic18f57q43-audio-record-playback.X.production.sym \
  --cmf=dist/default/production\pic18f57q43-audio-record-playback.X.production.cmf \
  -z -Q18F57Q43 -oC:\Users\c17721\AppData\Local\Temp\s1pkc.2 \
  --defsym=__MPLAB_BUILD=1 \
  -Mdist/default/production/pic18f57q43-audio-record-playback.X.production.map \
  -E1 -ver=XC8 Compiler --acfsm=1493 -ASTACK=0C02h-023FFh -pstack=STACK \
  -ACODE=00h-01FFFFh -ACONST=00h-01FFFFh -ASMALLCONST=02500h-025FFhx475 \
  -AMEDIUMCONST=02500h-0FFFFh,012500h-01FFFFh -ACOMRAM=0501h-055Fh \
  -AABS1=0500h-024FFh -ABIGRAM=0501h-024FFh \
  -ARAM=0560h-05FFh,0600h-06FFhx31 -ABANK5=0560h-05FFh -ABANK6=0600h-06FFh \
  -ABANK7=0700h-07FFh -ABANK8=0800h-08FFh -ABANK9=0900h-09FFh \
  -ABANK10=0A00h-0AFFh -ABANK11=0B00h-0BFFh -ABANK12=0C00h-0CFFh \
  -ABANK13=0D00h-0DFFh -ABANK14=0E00h-0EFFh -ABANK15=0F00h-0FFFh \
  -ABANK16=01000h-010FFh -ABANK17=01100h-011FFh -ABANK18=01200h-012FFh \
  -ABANK19=01300h-013FFh -ABANK20=01400h-014FFh -ABANK21=01500h-015FFh \
  -ABANK22=01600h-016FFh -ABANK23=01700h-017FFh -ABANK24=01800h-018FFh \
  -ABANK25=01900h-019FFh -ABANK26=01A00h-01AFFh -ABANK27=01B00h-01BFFh \
  -ABANK28=01C00h-01CFFh -ABANK29=01D00h-01DFFh -ABANK30=01E00h-01EFFh \
  -ABANK31=01F00h-01FFFh -ABANK32=02000h-020FFh -ABANK33=02100h-021FFh \
  -ABANK34=02200h-022FFh -ABANK35=02300h-023FFh -ABANK36=02400h-024FFh \
  -ASFR=00h-0FFhx4,0400h-045Fh,0460h-04FFh -ACONFIG=0300000h-0300011h \
  -AIDLOC=0200000h-020001Fh -preset_vec=00h -ppowerup=CODE,init \
  -pramtop=02500h -psmallconst=SMALLCONST -pmediumconst=MEDIUMCONST \
  -pconst=CONST -AFARRAM=00h-00h -AEEDATA=0380000h-03803FFh \
  -peeprom_data=EEDATA \
  -prdata=COMRAM,nvrram=COMRAM,nvbit=COMRAM,rbss=COMRAM,rbit=COMRAM \
  -pfarbss=FARRAM,fardata=FARRAM,nvFARRAM=FARRAM \
  -pintsave_regs=BIGRAM,bigbss=BIGRAM,bigdata=BIGRAM -pbss=RAM \
  -pidata=CODE,irdata=CODE,ibigdata=CODE,ifardata=CODE -prparam=COMRAM \
  C:\Users\c17721\AppData\Local\Temp\s1pkc.o \
  dist/default/production\pic18f57q43-audio-record-playback.X.production.o 

Object code version is 3.11

Machine type is 18F57Q43



                Name                               Link     Load   Length Selector   Space Scale
C:\Users\c17721\AppData\Local\Temp\s1pkc.o
                idloc                            200000   200000       20        0       5
                config                           300000   300000        A        0       4
                init                                102      102        4        4       0
                reset_vec                             0        0        4        0       0
dist/default/production\pic18f57q43-audio-record-playback.X.production.o
                idloc                            200000   200000       20        0       5
                config                           300000   300000        A        0       4
                smallconst                         2500     2500        8     1280       0
                ivt0x8                                8        8       FA        4       0
                text108                            3CD0     3CD0       16      EB2       0
                text107                            3AEC     3AEC       24      EB2       0
                text106                            3E92     3E92        2      FA1       0
                text105                            3920     3920       32      E48       0
                text104                            3E90     3E90        2      FA1       0
                text103                            3E8E     3E8E        2      FA1       0
                text102                            2F84     2F84       A0     1284       0
                text101                            3E84     3E84        4      FA1       0
                text100                            3E8C     3E8C        2      FA1       0
                text99                             3CBA     3CBA       16      EB2       0
                text98                             3AC8     3AC8       24      EB2       0
                text97                             3E8A     3E8A        2      FA1       0
                text96                             3A30     3A30       28      E48       0
                text95                             3982     3982       30      E48       0
                text94                             3E38     3E38        8      F44       0
                text93                             37CE     37CE       40     1284       0
                text92                             3E88     3E88        2      FA1       0
                text91                             3952     3952       30      E48       0
                text90                             3D10     3D10       14      F44       0
                text89                             3C42     3C42       1A      EB2       0
                text88                             27DA     27DA      25E     1284       0
                text87                             3A58     3A58       26      E48       0
                text86                             3E0E     3E0E        A      F44       0
                text85                             3E7E     3E7E        4      F44       0
                text84                             3E7A     3E7A        4      F44       0
                text83                             3B32     3B32       22      EB2       0
                text82                             3E04     3E04        A      F44       0
                text81                             3DE4     3DE4        C      F44       0
                text80                             3BD0     3BD0       1E      EB2       0
                text79                             3D24     3D24       10      F44       0
                text78                             3A08     3A08       28      E48       0
                text77                             3E30     3E30        8      F44       0
                text76                             387E     387E       38     1284       0
                text75                             3B10     3B10       22      EB2       0
                text74                             3C26     3C26       1C      EB2       0
                text73                             3E76     3E76        4      F44       0
                text72                             3484     3484       5A     1284       0
                text71                             3DB2     3DB2        E      F44       0
                text70                             3DA4     3DA4        E      F44       0
                text69                             3E70     3E70        6      F44       0
                text68                             3E6A     3E6A        6      F44       0
                text67                             3D96     3D96        E      F44       0
                text66                             33C8     33C8       60     1284       0
                text65                             3E64     3E64        6      F44       0
                text64                             3E5E     3E5E        6      F44       0
                text63                             3E58     3E58        6      F44       0
                text62                             3E52     3E52        6      F44       0
                text61                             3E4C     3E4C        6      F44       0
                text60                             3E28     3E28        8      F44       0
                text59                             3CFA     3CFA       14      EB2       0
                text58                             3E46     3E46        6      F44       0
                text57                             39B2     39B2       2E      E48       0
                text56                             3C8C     3C8C       18      EB2       0
                text55                             2C0E     2C0E      10E     1284       0
                text54                             3DFA     3DFA        A      F44       0
                text53                             3DD8     3DD8        C      F44       0
                text52                             3AA2     3AA2       24      E48       0
                text51                             3E40     3E40        6      F44       0
                text50                             3C74     3C74       18      EB2       0
                text49                             3368     3368       60     1284       0
                text48                             3E20     3E20        8      F44       0
                text47                             3B74     3B74       20      EB2       0
                text46                             2A38     2A38      1D6     1284       0
                text45                             34DE     34DE       52     1284       0
                text44                             2E02     2E02       D6     1284       0
                text43                             3306     3306       62     1284       0
                text42                             323A     323A       6A     1284       0
                text41                             39E0     39E0       28      E48       0
                text40                             2ED8     2ED8       AC     1284       0
                text39                             3DF0     3DF0        A      F44       0
                text38                             3DCC     3DCC        C      F44       0
                text37                             3530     3530       50     1284       0
                text36                             3C0A     3C0A       1C      EB2       0
                text35                             3024     3024       96     1284       0
                text34                             3E18     3E18        8      F44       0
                text33                             3CA4     3CA4       16      EB2       0
                text32                             2508     2508      2D2     1284       0
                text31                             3428     3428       5C     1284       0
                text30                             3846     3846       38     1284       0
                text29                             380E     380E       38     1284       0
                text28                             3CE6     3CE6       14      EB2       0
                text27                             3DC0     3DC0        C      F44       0
                text26                             36FC     36FC       4C     1284       0
                text25                             36B0     36B0       4C     1284       0
                text24                             3664     3664       4C     1284       0
                text23                             3618     3618       4C     1284       0
                text22                             35CC     35CC       4C     1284       0
                text21                             3580     3580       4C     1284       0
                text20                             3748     3748       44     1284       0
                text19                             3BEE     3BEE       1C      EB2       0
                text18                             2D1C     2D1C       E6     1284       0
                text17                             3A7E     3A7E       24      E48       0
                text16                             3D88     3D88        E      F44       0
                text15                             3D7A     3D7A        E      F44       0
                text14                             3D6C     3D6C        E      F44       0
                text13                             314C     314C       7A     1284       0
                text12                             3C5C     3C5C       18      EB2       0
                text11                             3D5E     3D5E        E      F44       0
                text10                             378C     378C       42     1284       0
                text9                              38B6     38B6       36     1284       0
                text8                              3BB2     3BB2       1E      EB2       0
                text7                              3B94     3B94       1E      EB2       0
                text6                              38EC     38EC       32     1284       0
                text5                              3D50     3D50        E      F44       0
                text4                              3D42     3D42        E      F44       0
                text3                              3D34     3D34        E      F44       0
                text2                              31C6     31C6       74     1284       0
                text1                              32A4     32A4       62     1284       0
                text0                              30BA     30BA       92     1284       0
                cstackCOMRAM                        501      501       27      501       1
                bssCOMRAM                           528      528       20      501       1
                cinit                              3B54     3B54       20      EB2       0
                nvBANK5                             560      560        6      560       1
                nvCOMRAM                            548      548       16      501       1

TOTAL           Name                               Link     Load   Length     Space
        CLASS   STACK          

        CLASS   CODE           
                init                                102      102        4         0
                reset_vec                             0        0        4         0
                ivt0x8                                8        8       FA         0
                text108                            3CD0     3CD0       16         0
                text107                            3AEC     3AEC       24         0
                text106                            3E92     3E92        2         0
                text105                            3920     3920       32         0
                text104                            3E90     3E90        2         0
                text103                            3E8E     3E8E        2         0
                text102                            2F84     2F84       A0         0
                text101                            3E84     3E84        4         0
                text100                            3E8C     3E8C        2         0
                text99                             3CBA     3CBA       16         0
                text98                             3AC8     3AC8       24         0
                text97                             3E8A     3E8A        2         0
                text96                             3A30     3A30       28         0
                text95                             3982     3982       30         0
                text94                             3E38     3E38        8         0
                text93                             37CE     37CE       40         0
                text92                             3E88     3E88        2         0
                text91                             3952     3952       30         0
                text90                             3D10     3D10       14         0
                text89                             3C42     3C42       1A         0
                text88                             27DA     27DA      25E         0
                text87                             3A58     3A58       26         0
                text86                             3E0E     3E0E        A         0
                text85                             3E7E     3E7E        4         0
                text84                             3E7A     3E7A        4         0
                text83                             3B32     3B32       22         0
                text82                             3E04     3E04        A         0
                text81                             3DE4     3DE4        C         0
                text80                             3BD0     3BD0       1E         0
                text79                             3D24     3D24       10         0
                text78                             3A08     3A08       28         0
                text77                             3E30     3E30        8         0
                text76                             387E     387E       38         0
                text75                             3B10     3B10       22         0
                text74                             3C26     3C26       1C         0
                text73                             3E76     3E76        4         0
                text72                             3484     3484       5A         0
                text71                             3DB2     3DB2        E         0
                text70                             3DA4     3DA4        E         0
                text69                             3E70     3E70        6         0
                text68                             3E6A     3E6A        6         0
                text67                             3D96     3D96        E         0
                text66                             33C8     33C8       60         0
                text65                             3E64     3E64        6         0
                text64                             3E5E     3E5E        6         0
                text63                             3E58     3E58        6         0
                text62                             3E52     3E52        6         0
                text61                             3E4C     3E4C        6         0
                text60                             3E28     3E28        8         0
                text59                             3CFA     3CFA       14         0
                text58                             3E46     3E46        6         0
                text57                             39B2     39B2       2E         0
                text56                             3C8C     3C8C       18         0
                text55                             2C0E     2C0E      10E         0
                text54                             3DFA     3DFA        A         0
                text53                             3DD8     3DD8        C         0
                text52                             3AA2     3AA2       24         0
                text51                             3E40     3E40        6         0
                text50                             3C74     3C74       18         0
                text49                             3368     3368       60         0
                text48                             3E20     3E20        8         0
                text47                             3B74     3B74       20         0
                text46                             2A38     2A38      1D6         0
                text45                             34DE     34DE       52         0
                text44                             2E02     2E02       D6         0
                text43                             3306     3306       62         0
                text42                             323A     323A       6A         0
                text41                             39E0     39E0       28         0
                text40                             2ED8     2ED8       AC         0
                text39                             3DF0     3DF0        A         0
                text38                             3DCC     3DCC        C         0
                text37                             3530     3530       50         0
                text36                             3C0A     3C0A       1C         0
                text35                             3024     3024       96         0
                text34                             3E18     3E18        8         0
                text33                             3CA4     3CA4       16         0
                text32                             2508     2508      2D2         0
                text31                             3428     3428       5C         0
                text30                             3846     3846       38         0
                text29                             380E     380E       38         0
                text28                             3CE6     3CE6       14         0
                text27                             3DC0     3DC0        C         0
                text26                             36FC     36FC       4C         0
                text25                             36B0     36B0       4C         0
                text24                             3664     3664       4C         0
                text23                             3618     3618       4C         0
                text22                             35CC     35CC       4C         0
                text21                             3580     3580       4C         0
                text20                             3748     3748       44         0
                text19                             3BEE     3BEE       1C         0
                text18                             2D1C     2D1C       E6         0
                text17                             3A7E     3A7E       24         0
                text16                             3D88     3D88        E         0
                text15                             3D7A     3D7A        E         0
                text14                             3D6C     3D6C        E         0
                text13                             314C     314C       7A         0
                text12                             3C5C     3C5C       18         0
                text11                             3D5E     3D5E        E         0
                text10                             378C     378C       42         0
                text9                              38B6     38B6       36         0
                text8                              3BB2     3BB2       1E         0
                text7                              3B94     3B94       1E         0
                text6                              38EC     38EC       32         0
                text5                              3D50     3D50        E         0
                text4                              3D42     3D42        E         0
                text3                              3D34     3D34        E         0
                text2                              31C6     31C6       74         0
                text1                              32A4     32A4       62         0
                text0                              30BA     30BA       92         0
                cinit                              3B54     3B54       20         0

        CLASS   CONST          

        CLASS   SMALLCONST     
                smallconst                         2500     2500        8         0

        CLASS   MEDIUMCONST    

        CLASS   COMRAM         
                cstackCOMRAM                        501      501       27         1
                bssCOMRAM                           528      528       20         1
                nvCOMRAM                            548      548       16         1

        CLASS   ABS1           
                abs_s1                              B00      B00        2         1
                abs_s1                              C00      C00        2         1
                abs_s1                             2400     2400        2         1

        CLASS   BIGRAM         

        CLASS   RAM            

        CLASS   BANK5          
                nvBANK5                             560      560        6         1

        CLASS   BANK6          

        CLASS   BANK7          

        CLASS   BANK8          

        CLASS   BANK9          

        CLASS   BANK10         

        CLASS   BANK11         

        CLASS   BANK12         

        CLASS   BANK13         

        CLASS   BANK14         

        CLASS   BANK15         

        CLASS   BANK16         

        CLASS   BANK17         

        CLASS   BANK18         

        CLASS   BANK19         

        CLASS   BANK20         

        CLASS   BANK21         

        CLASS   BANK22         

        CLASS   BANK23         

        CLASS   BANK24         

        CLASS   BANK25         

        CLASS   BANK26         

        CLASS   BANK27         

        CLASS   BANK28         

        CLASS   BANK29         

        CLASS   BANK30         

        CLASS   BANK31         

        CLASS   BANK32         

        CLASS   BANK33         

        CLASS   BANK34         

        CLASS   BANK35         

        CLASS   BANK36         

        CLASS   SFR            

        CLASS   CONFIG         
                config                           300000   300000        A         4

        CLASS   IDLOC          
                idloc                            200000   200000       20         5

        CLASS   FARRAM         

        CLASS   EEDATA         



SEGMENTS        Name                           Load    Length   Top    Selector   Space  Class

                reset_vec                      000000  000004  000004         0       0  CODE    
                ivt0x8                         000008  0000FE  000106         4       0  CODE    
                cstackCOMRAM                   000501  00005D  00055E       501       1  COMRAM  
                nvBANK5                        000560  000006  000566       560       1  BANK5   
                smallconst                     002500  000008  002508      1280       0  SMALLCON
                text32                         002508  001416  00391E      1284       0  CODE    
                text105                        003920  0001A6  003AC6       E48       0  CODE    
                text98                         003AC8  000246  003D0E       EB2       0  CODE    
                text90                         003D10  000172  003E82       F44       0  CODE    
                text101                        003E84  000010  003E94       FA1       0  CODE    


UNUSED ADDRESS RANGES

        Name                Unused          Largest block    Delta
        BANK10           000A00-000AFF              100
        BANK11           000B02-000BFF               FE
        BANK12           000C02-000CFF               FE
        BANK13           000D00-000DFF              100
        BANK14           000E00-000EFF              100
        BANK15           000F00-000FFF              100
        BANK16           001000-0010FF              100
        BANK17           001100-0011FF              100
        BANK18           001200-0012FF              100
        BANK19           001300-0013FF              100
        BANK20           001400-0014FF              100
        BANK21           001500-0015FF              100
        BANK22           001600-0016FF              100
        BANK23           001700-0017FF              100
        BANK24           001800-0018FF              100
        BANK25           001900-0019FF              100
        BANK26           001A00-001AFF              100
        BANK27           001B00-001BFF              100
        BANK28           001C00-001CFF              100
        BANK29           001D00-001DFF              100
        BANK30           001E00-001EFF              100
        BANK31           001F00-001FFF              100
        BANK32           002000-0020FF              100
        BANK33           002100-0021FF              100
        BANK34           002200-0022FF              100
        BANK35           002300-0023FF              100
        BANK36           002402-0024FF               FE
        BANK5            000566-0005FF               9A
        BANK6            000600-0006FF              100
        BANK7            000700-0007FF              100
        BANK8            000800-0008FF              100
        BANK9            000900-0009FF              100
        BIGRAM           00055E-00055F                2
                         000566-000AFF              59A
                         000B02-000BFF               FE
                         000C02-0023FF             17FE
                         002402-0024FF               FE
        CODE             000004-000007                4
                         000106-0024FF             23FA
                         00391E-00391F                2
                         003AC6-003AC7                2
                         003D0E-003D0F                2
                         003E82-003E83                2
                         003E94-01FFFF            1C16C
        COMRAM           00055E-00055F                2
        CONFIG           30000A-300011                8
        CONST            000004-000007                4
                         000106-0024FF             23FA
                         00391E-00391F                2
                         003AC6-003AC7                2
                         003D0E-003D0F                2
                         003E82-003E83                2
                         003E94-01FFFF            1C16C
        EEDATA           380000-3803FF              400
        MEDIUMCONST      00391E-00391F                2
                         003AC6-003AC7                2
                         003D0E-003D0F                2
                         003E82-003E83                2
                         003E94-00FFFF             C16C
                         012500-01FFFF             DB00
        RAM              000566-000AFF              100
                         000B02-000BFF               FE
                         000C02-0023FF              100
                         002402-0024FF               FE
        SFR              000000-0004FF              100
        SMALLCONST       00391E-00391F                2
                         003AC6-003AC7                2
                         003D0E-003D0F                2
                         003E82-003E83                2
                         003E94-01FFFF              100
        STACK            000C02-0023FF             17FE

                                  Symbol Table

AUDIO_Playback@flashAddr                                      cstackCOMRAM 00050A
AUDIO_Playback@i                                              cstackCOMRAM 000510
AUDIO_Playback@i_3992                                         cstackCOMRAM 000512
AUDIO_Playback@numPages                                       cstackCOMRAM 00050E
AUDIO_Record@blockStartAddr                                   cstackCOMRAM 000516
AUDIO_Record@bufferRamPtr                                     cstackCOMRAM 00051E
AUDIO_Record@flashAddr                                        cstackCOMRAM 000524
AUDIO_Record@i                                                cstackCOMRAM 000522
AUDIO_Record@maxFlashAddr                                     cstackCOMRAM 00051A
AUDIO_Record@numPagesWritten                                  cstackCOMRAM 000520
DATAEE_ReadByte@bAdd                                          cstackCOMRAM 000502
DATAEE_WriteByte@GIEBitValue                                  cstackCOMRAM 000505
DATAEE_WriteByte@bAdd                                         cstackCOMRAM 000502
DATAEE_WriteByte@bData                                        cstackCOMRAM 000504
FLASH_EraseBlock@GIEBitValue                                  cstackCOMRAM 000506
FLASH_EraseBlock@blockStartAddr                               cstackCOMRAM 000507
FLASH_EraseBlock@flashAddr                                    cstackCOMRAM 000502
FLASH_ErasePages@flashAddr                                    cstackCOMRAM 00050B
FLASH_ErasePages@i                                            cstackCOMRAM 000511
FLASH_ErasePages@numPages                                     cstackCOMRAM 00050F
FLASH_WriteWord_ByWord@GIEBitValue                            cstackCOMRAM 000506
FLASH_WriteWord_ByWord@flashAddr                              cstackCOMRAM 000502
INTERRUPT_Initialize@state                                    cstackCOMRAM 000502
IVTBASEH                                                      (abs)        00045E
IVTBASEL                                                      (abs)        00045D
IVTBASEU                                                      (abs)        00045F
PWM2_16BIT_Period_SetInterruptHandler@InterruptHandler        cstackCOMRAM 000502
PWM2_16BIT_Slice1Output1_SetInterruptHandler@InterruptHandler cstackCOMRAM 000502
PWM2_16BIT_Slice1Output2_SetInterruptHandler@InterruptHandler cstackCOMRAM 000502
PingPong2SPI@src                                              bssCOMRAM    00053E
ResetAllDMA@dma                                               cstackCOMRAM 000502
ResetDMA@dma                                                  cstackCOMRAM 000502
SPI1_ExchangeByte@data                                        cstackCOMRAM 000502
SST26VF064B_Busy@temp                                         cstackCOMRAM 000504
SST26VF064B_Command@command                                   cstackCOMRAM 000503
SST26VF064B_GetDeviceInfo@info                                cstackCOMRAM 000507
SST26VF064B_Hold@state                                        cstackCOMRAM 000502
SST26VF064B_Initialize@deviceInfo                             cstackCOMRAM 000509
SST26VF064B_SPI_ReadBuffer@buffer                             cstackCOMRAM 000503
SST26VF064B_SPI_ReadBuffer@count                              cstackCOMRAM 000505
SST26VF064B_SPI_ReadByte@value                                cstackCOMRAM 000503
SST26VF064B_WriteAddress@addr_hi                              cstackCOMRAM 000507
SST26VF064B_WriteAddress@addr_lo                              cstackCOMRAM 000509
SST26VF064B_WriteAddress@addr_mi                              cstackCOMRAM 000508
SST26VF064B_WriteAddress@address                              cstackCOMRAM 000503
TMR0_SetInterruptHandler@InterruptHandler                     cstackCOMRAM 000502
TMR1_StopAndStartTimer@delay                                  cstackCOMRAM 000504
TMR1_WriteTimer@timerVal                                      cstackCOMRAM 000502
TMR6_SetInterruptHandler@InterruptHandler                     cstackCOMRAM 000502
TimerTick_ISR@count                                           bssCOMRAM    000534
UART1_SetErrorHandler@interruptHandler                        cstackCOMRAM 000502
UART1_SetFramingErrorHandler@interruptHandler                 cstackCOMRAM 000502
UART1_SetOverrunErrorHandler@interruptHandler                 cstackCOMRAM 000502
UART1_Write@txData                                            cstackCOMRAM 000502
_ACTCON                                                       (abs)        0000AC
_ADACCH                                                       (abs)        0003E4
_ADACCL                                                       (abs)        0003E3
_ADACCU                                                       (abs)        0003E5
_ADACQH                                                       (abs)        0003EF
_ADACQL                                                       (abs)        0003EE
_ADACT                                                        (abs)        0003F9
_ADCAP                                                        (abs)        0003F0
_ADCC_Initialize                                              text31       003428
_ADCLK                                                        (abs)        0003FA
_ADCNT                                                        (abs)        0003E6
_ADCON0                                                       (abs)        0003F3
_ADCON0bits                                                   (abs)        0003F3
_ADCON1                                                       (abs)        0003F4
_ADCON1bits                                                   (abs)        0003F4
_ADCON2                                                       (abs)        0003F5
_ADCON2bits                                                   (abs)        0003F5
_ADCON3                                                       (abs)        0003F6
_ADCON3bits                                                   (abs)        0003F6
_ADERRH                                                       (abs)        0003DE
_ADERRL                                                       (abs)        0003DD
_ADFLTRH                                                      (abs)        0003E2
_ADFLTRL                                                      (abs)        0003E1
_ADLTHH                                                       (abs)        0003DA
_ADLTHL                                                       (abs)        0003D9
_ADPCH                                                        (abs)        0003EC
_ADPREH                                                       (abs)        0003F2
_ADPREL                                                       (abs)        0003F1
_ADPREVH                                                      (abs)        0003E9
_ADPREVL                                                      (abs)        0003E8
_ADREF                                                        (abs)        0003F8
_ADRESH                                                       (abs)        0003EB
_ADRESL                                                       (abs)        0003EA
_ADRPT                                                        (abs)        0003E7
_ADSTAT                                                       (abs)        0003F7
_ADSTATbits                                                   (abs)        0003F7
_ADSTPTH                                                      (abs)        0003E0
_ADSTPTL                                                      (abs)        0003DF
_ADUTHH                                                       (abs)        0003DC
_ADUTHL                                                       (abs)        0003DB
_ANSELA                                                       (abs)        000400
_ANSELB                                                       (abs)        000408
_ANSELC                                                       (abs)        000410
_ANSELD                                                       (abs)        000418
_ANSELE                                                       (abs)        000420
_ANSELF                                                       (abs)        000428
_APP_Initialize                                               text66       0033C8
_AUDIO_Erase                                                  text40       002ED8
_AUDIO_Idle                                                   text55       002C0E
_AUDIO_Passthrough                                            text49       003368
_AUDIO_Playback                                               text46       002A38
_AUDIO_ReadMetaData                                           text88       0027DA
_AUDIO_Record                                                 text32       002508
_AUDIO_UpdateMetaData                                         text44       002E02
_BlinkTimer_ISR                                               text96       003A30
_CLC1_ISR                                                     text98       003AC8
_CLC1_Initialize                                              text30       003846
_CLC1_OutputStatusGet                                         text99       003CBA
_CLC2_ISR                                                     text107      003AEC
_CLC2_Initialize                                              text29       00380E
_CLC2_OutputStatusGet                                         text108      003CD0
_CLCDATA                                                      (abs)        0000D4
_CLCDATAbits                                                  (abs)        0000D4
_CLCIN0PPS                                                    (abs)        000261
_CLCSELECT                                                    (abs)        0000D5
_CLCnCON                                                      (abs)        0000D6
_CLCnGLS0                                                     (abs)        0000DC
_CLCnGLS1                                                     (abs)        0000DD
_CLCnGLS2                                                     (abs)        0000DE
_CLCnGLS3                                                     (abs)        0000DF
_CLCnPOL                                                      (abs)        0000D7
_CLCnSEL0                                                     (abs)        0000D8
_CLCnSEL1                                                     (abs)        0000D9
_CLCnSEL2                                                     (abs)        0000DA
_CLCnSEL3                                                     (abs)        0000DB
_CM1CON0                                                      (abs)        000070
_CM1CON0bits                                                  (abs)        000070
_CM1CON1                                                      (abs)        000071
_CM1NCH                                                       (abs)        000072
_CM1PCH                                                       (abs)        000073
_CMP1_Initialize                                              text28       003CE6
_DAC1CON                                                      (abs)        00007F
_DAC1CONbits                                                  (abs)        00007F
_DAC1DATL                                                     (abs)        00007D
_DAC1_Initialize                                              text27       003DC0
_DATAEE_ReadByte                                              text89       003C42
_DATAEE_WriteByte                                             text45       0034DE
_DMA1PR                                                       (abs)        0000B6
_DMA1_Initialize                                              text26       0036FC
_DMA1_StartTransferWithTrigger                                text54       003DFA
_DMA1_StopTransfer                                            text53       003DD8
_DMA2PR                                                       (abs)        0000B7
_DMA2_Initialize                                              text25       0036B0
_DMA2_StartTransferWithTrigger                                text39       003DF0
_DMA2_StopTransfer                                            text38       003DCC
_DMA3PR                                                       (abs)        0000B8
_DMA3_Initialize                                              text24       003664
_DMA4PR                                                       (abs)        0000B9
_DMA4_Initialize                                              text23       003618
_DMA5PR                                                       (abs)        0000BA
_DMA5_Initialize                                              text22       0035CC
_DMA6PR                                                       (abs)        0000BB
_DMA6_Initialize                                              text21       003580
_DMASELECT                                                    (abs)        0000E8
_DMAnAIRQ                                                     (abs)        0000FE
_DMAnCON0                                                     (abs)        0000FC
_DMAnCON0bits                                                 (abs)        0000FC
_DMAnCON1                                                     (abs)        0000FD
_DMAnCON1bits                                                 (abs)        0000FD
_DMAnDPTR                                                     (abs)        0000EC
_DMAnDSA                                                      (abs)        0000F0
_DMAnDSZ                                                      (abs)        0000EE
_DMAnSIRQ                                                     (abs)        0000FF
_DMAnSPTR                                                     (abs)        0000F4
_DMAnSSA                                                      (abs)        0000F9
_DMAnSSZ                                                      (abs)        0000F7
_Default_ISR                                                  text100      003E8C
_DstVarName1                                                  bssCOMRAM    00053C
_DstVarName4                                                  bssCOMRAM    000538
_FLASH_EraseBlock                                             text43       003306
_FLASH_ErasePages                                             text42       00323A
_FLASH_WriteWord_ByWord                                       text37       003530
_GIE                                                          (abs)        0026B7
_INLVLA                                                       (abs)        000404
_INLVLB                                                       (abs)        00040C
_INLVLC                                                       (abs)        000414
_INLVLD                                                       (abs)        00041C
_INLVLE                                                       (abs)        000424
_INLVLF                                                       (abs)        00042C
_INTCON0bits                                                  (abs)        0004D6
_INTERRUPT_Initialize                                         text20       003748
_IPR0bits                                                     (abs)        000362
_IPR15bits                                                    (abs)        000371
_IPR3bits                                                     (abs)        000365
_IPR6bits                                                     (abs)        000368
_IVTBASEH                                                     (abs)        00045E
_IVTBASEL                                                     (abs)        00045D
_IVTBASEU                                                     (abs)        00045F
_IVTLOCK                                                      (abs)        000459
_IVTLOCKbits                                                  (abs)        000459
_LATA                                                         (abs)        0004BE
_LATB                                                         (abs)        0004BF
_LATBbits                                                     (abs)        0004BF
_LATC                                                         (abs)        0004C0
_LATCbits                                                     (abs)        0004C0
_LATD                                                         (abs)        0004C1
_LATDbits                                                     (abs)        0004C1
_LATE                                                         (abs)        0004C2
_LATF                                                         (abs)        0004C3
_LATFbits                                                     (abs)        0004C3
_LED0_Blink_Start                                             text63       003E58
_LED0_Blink_Stop                                              text60       003E28
_MEMORY_ISR                                                   text101      003E84
_NVMADRH                                                      (abs)        000044
_NVMADRL                                                      (abs)        000043
_NVMADRU                                                      (abs)        000045
_NVMCON0bits                                                  (abs)        000040
_NVMCON1bits                                                  (abs)        000041
_NVMDAT                                                       (abs)        000046
_NVMDATL                                                      (abs)        000046
_NVMLOCK                                                      (abs)        000042
_ODCONA                                                       (abs)        000402
_ODCONB                                                       (abs)        00040A
_ODCONC                                                       (abs)        000412
_ODCOND                                                       (abs)        00041A
_ODCONE                                                       (abs)        000422
_ODCONF                                                       (abs)        00042A
_OSCCON1                                                      (abs)        0000AD
_OSCCON3                                                      (abs)        0000AF
_OSCEN                                                        (abs)        0000B3
_OSCFRQ                                                       (abs)        0000B1
_OSCILLATOR_Initialize                                        text19       003BEE
_OSCTUNE                                                      (abs)        0000B0
_PIE0bits                                                     (abs)        00049E
_PIE10bits                                                    (abs)        0004A8
_PIE11bits                                                    (abs)        0004A9
_PIE12bits                                                    (abs)        0004AA
_PIE13bits                                                    (abs)        0004AB
_PIE15bits                                                    (abs)        0004AD
_PIE2bits                                                     (abs)        0004A0
_PIE3bits                                                     (abs)        0004A1
_PIE5bits                                                     (abs)        0004A3
_PIE6bits                                                     (abs)        0004A4
_PIN_MANAGER_Initialize                                       text18       002D1C
_PIR0bits                                                     (abs)        0004AE
_PIR10bits                                                    (abs)        0004B8
_PIR11bits                                                    (abs)        0004B9
_PIR12bits                                                    (abs)        0004BA
_PIR13bits                                                    (abs)        0004BB
_PIR15bits                                                    (abs)        0004BD
_PIR2bits                                                     (abs)        0004B0
_PIR3bits                                                     (abs)        0004B1
_PIR4bits                                                     (abs)        0004B2
_PIR5bits                                                     (abs)        0004B3
_PIR6bits                                                     (abs)        0004B4
_PMD0                                                         (abs)        000060
_PMD1                                                         (abs)        000061
_PMD3                                                         (abs)        000063
_PMD4                                                         (abs)        000064
_PMD5                                                         (abs)        000065
_PMD6                                                         (abs)        000066
_PMD7                                                         (abs)        000067
_PMD8                                                         (abs)        000068
_PMD_Initialize                                               text17       003A7E
_PR2                                                          (abs)        000323
_PR4                                                          (abs)        00032F
_PR6                                                          (abs)        00033B
_PRLOCK                                                       (abs)        0000B4
_PRLOCKbits                                                   (abs)        0000B4
_PWM2CLK                                                      (abs)        000470
_PWM2CON                                                      (abs)        000478
_PWM2CONbits                                                  (abs)        000478
_PWM2CPRE                                                     (abs)        000474
_PWM2ERS                                                      (abs)        00046F
_PWM2ERSPPS                                                   (abs)        000254
_PWM2GIE                                                      (abs)        000477
_PWM2GIEbits                                                  (abs)        000477
_PWM2GIR                                                      (abs)        000476
_PWM2GIRbits                                                  (abs)        000476
_PWM2LDS                                                      (abs)        000471
_PWM2PIPOS                                                    (abs)        000475
_PWM2PRH                                                      (abs)        000473
_PWM2PRL                                                      (abs)        000472
_PWM2S1CFG                                                    (abs)        000479
_PWM2S1P1H                                                    (abs)        00047B
_PWM2S1P1L                                                    (abs)        00047A
_PWM2S1P2H                                                    (abs)        00047D
_PWM2S1P2L                                                    (abs)        00047C
_PWM2_16BIT_Initialize                                        text13       00314C
_PWM2_16BIT_PWMI_ISR                                          text102      002F84
_PWM2_16BIT_PWMPI_ISR                                         text105      003920
_PWM2_16BIT_Period_DefaultInterruptHandler                    text106      003E92
_PWM2_16BIT_Period_InterruptHandler                           nvCOMRAM     000548
_PWM2_16BIT_Period_SetInterruptHandler                        text16       003D88
_PWM2_16BIT_Slice1Output1_DefaultInterruptHandler             text104      003E90
_PWM2_16BIT_Slice1Output1_InterruptHandler                    nvCOMRAM     00054E
_PWM2_16BIT_Slice1Output1_SetInterruptHandler                 text15       003D7A
_PWM2_16BIT_Slice1Output2_DefaultInterruptHandler             text103      003E8E
_PWM2_16BIT_Slice1Output2_InterruptHandler                    nvCOMRAM     00054B
_PWM2_16BIT_Slice1Output2_SetInterruptHandler                 text14       003D6C
_PWMIN0PPS                                                    (abs)        000257
_PingPong2BufferRam                                           text36       003C0A
_PingPong2SPI                                                 text35       003024
_RB1I2C                                                       (abs)        000289
_RB2I2C                                                       (abs)        000288
_RB5PPS                                                       (abs)        00020E
_RC2PPS                                                       (abs)        000213
_RC3I2C                                                       (abs)        000287
_RC4I2C                                                       (abs)        000286
_RC4PPS                                                       (abs)        000215
_RC6PPS                                                       (abs)        000217
_RD5PPS                                                       (abs)        00021E
_RF0PPS                                                       (abs)        000229
_ResetAllDMA                                                  text87       003A58
_ResetDMA                                                     text52       003AA2
_ResetSwitches                                                text86       003E0E
_SLRCONA                                                      (abs)        000403
_SLRCONB                                                      (abs)        00040B
_SLRCONC                                                      (abs)        000413
_SLRCOND                                                      (abs)        00041B
_SLRCONE                                                      (abs)        000423
_SLRCONF                                                      (abs)        00042B
_SPI1BAUD                                                     (abs)        000089
_SPI1CLK                                                      (abs)        00008C
_SPI1CON0                                                     (abs)        000084
_SPI1CON0bits                                                 (abs)        000084
_SPI1CON1                                                     (abs)        000085
_SPI1CON2                                                     (abs)        000086
_SPI1CON2bits                                                 (abs)        000086
_SPI1RXB                                                      (abs)        000080
_SPI1SCKPPS                                                   (abs)        00026A
_SPI1SDIPPS                                                   (abs)        00026B
_SPI1TCNT                                                     (abs)        000082
_SPI1TCNTL                                                    (abs)        000082
_SPI1TXB                                                      (abs)        000081
_SPI1_ExchangeByte                                            text83       003B32
_SPI1_Initialize                                              text12       003C5C
_SST26VF064B_Busy                                             text80       003BD0
_SST26VF064B_CS_High                                          text85       003E7E
_SST26VF064B_CS_Low                                           text84       003E7A
_SST26VF064B_ChipErase                                        text41       0039E0
_SST26VF064B_Command                                          text82       003E04
_SST26VF064B_GetDeviceInfo                                    text75       003B10
_SST26VF064B_GlobalBlockUnlock                                text78       003A08
_SST26VF064B_Hold                                             text74       003C26
_SST26VF064B_Initialize                                       text72       003484
_SST26VF064B_JEDECID_Cmd                                      text77       003E30
_SST26VF064B_PageProgram_Cmd                                  text34       003E18
_SST26VF064B_Read_Cmd                                         text48       003E20
_SST26VF064B_SPI_ReadBuffer                                   text76       00387E
_SST26VF064B_SPI_ReadByte                                     text81       003DE4
_SST26VF064B_WP_High                                          text73       003E76
_SST26VF064B_WriteAddress                                     text47       003B74
_SST26VF064B_WriteEnable                                      text79       003D24
_SYSTEM_Initialize                                            text1        0032A4
_SrcVarName3                                                  bssCOMRAM    000536
_SrcVarName4                                                  bssCOMRAM    00053A
_SystemArbiter_Initialize                                     text11       003D5E
_T0CON0                                                       (abs)        00031A
_T0CON0bits                                                   (abs)        00031A
_T0CON1                                                       (abs)        00031B
_T1CLK                                                        (abs)        000321
_T1CON                                                        (abs)        00031E
_T1CONbits                                                    (abs)        00031E
_T1GATE                                                       (abs)        000320
_T1GCON                                                       (abs)        00031F
_T1GCONbits                                                   (abs)        00031F
_T2CLKCON                                                     (abs)        000326
_T2CON                                                        (abs)        000324
_T2CONbits                                                    (abs)        000324
_T2HLT                                                        (abs)        000325
_T2HLTbits                                                    (abs)        000325
_T2INPPS                                                      (abs)        000248
_T2PR                                                         (abs)        000323
_T2RST                                                        (abs)        000327
_T2RSTbits                                                    (abs)        000327
_T2TMR                                                        (abs)        000322
_T4CLKCON                                                     (abs)        000332
_T4CON                                                        (abs)        000330
_T4CONbits                                                    (abs)        000330
_T4HLT                                                        (abs)        000331
_T4HLTbits                                                    (abs)        000331
_T4INPPS                                                      (abs)        000249
_T4PR                                                         (abs)        00032F
_T4RST                                                        (abs)        000333
_T4RSTbits                                                    (abs)        000333
_T4TMR                                                        (abs)        00032E
_T6CLKCON                                                     (abs)        00033E
_T6CON                                                        (abs)        00033C
_T6CONbits                                                    (abs)        00033C
_T6HLT                                                        (abs)        00033D
_T6HLTbits                                                    (abs)        00033D
_T6PR                                                         (abs)        00033B
_T6RST                                                        (abs)        00033F
_T6RSTbits                                                    (abs)        00033F
_T6TMR                                                        (abs)        00033A
_TABLAT                                                       (abs)        0004F5
_TBLPTRH                                                      (abs)        0004F7
_TBLPTRL                                                      (abs)        0004F6
_TBLPTRU                                                      (abs)        0004F8
_TMR0H                                                        (abs)        000319
_TMR0L                                                        (abs)        000318
_TMR0_CallBack                                                text91       003952
_TMR0_DefaultInterruptHandler                                 text92       003E88
_TMR0_ISR                                                     text90       003D10
_TMR0_Initialize                                              text10       00378C
_TMR0_InterruptHandler                                        nvCOMRAM     000554
_TMR0_Reload                                                  text71       003DB2
_TMR0_SetInterruptHandler                                     text70       003DA4
_TMR0_StartTimer                                              text51       003E40
_TMR0_StopTimer                                               text69       003E70
_TMR1H                                                        (abs)        00031D
_TMR1L                                                        (abs)        00031C
_TMR1_HasOverflowOccured                                      text59       003CFA
_TMR1_Initialize                                              text9        0038B6
_TMR1_StartTimer                                              text58       003E46
_TMR1_StopAndStartTimer                                       text56       003C8C
_TMR1_StopTimer                                               text68       003E6A
_TMR1_WriteTimer                                              text57       0039B2
_TMR2                                                         (abs)        000322
_TMR2_Initialize                                              text8        003BB2
_TMR4                                                         (abs)        00032E
_TMR4_Initialize                                              text7        003B94
_TMR6                                                         (abs)        00033A
_TMR6_CallBack                                                text95       003982
_TMR6_DefaultInterruptHandler                                 text97       003E8A
_TMR6_ISR                                                     text94       003E38
_TMR6_Initialize                                              text6        0038EC
_TMR6_InterruptHandler                                        nvCOMRAM     000551
_TMR6_SetInterruptHandler                                     text67       003D96
_TMR6_Start                                                   text65       003E64
_TMR6_StartTimer                                              text64       003E5E
_TMR6_Stop                                                    text62       003E52
_TMR6_StopTimer                                               text61       003E4C
_TRISA                                                        (abs)        0004C6
_TRISB                                                        (abs)        0004C7
_TRISC                                                        (abs)        0004C8
_TRISCbits                                                    (abs)        0004C8
_TRISD                                                        (abs)        0004C9
_TRISE                                                        (abs)        0004CA
_TRISF                                                        (abs)        0004CB
_TimerTick_ISR                                                text93       0037CE
_U1BRGH                                                       (abs)        0002AF
_U1BRGL                                                       (abs)        0002AE
_U1CON0                                                       (abs)        0002AB
_U1CON0bits                                                   (abs)        0002AB
_U1CON1                                                       (abs)        0002AC
_U1CON2                                                       (abs)        0002AD
_U1ERRIE                                                      (abs)        0002B3
_U1ERRIR                                                      (abs)        0002B2
_U1ERRIRbits                                                  (abs)        0002B2
_U1FIFO                                                       (abs)        0002B0
_U1P1H                                                        (abs)        0002A6
_U1P1L                                                        (abs)        0002A5
_U1P2H                                                        (abs)        0002A8
_U1P2L                                                        (abs)        0002A7
_U1P3H                                                        (abs)        0002AA
_U1P3L                                                        (abs)        0002A9
_U1RXB                                                        (abs)        0002A1
_U1RXPPS                                                      (abs)        000272
_U1TXB                                                        (abs)        0002A3
_U1UIR                                                        (abs)        0002B1
_UART1_DefaultErrorHandler                                    (abs)        000000
_UART1_DefaultFramingErrorHandler                             (abs)        000000
_UART1_DefaultOverrunErrorHandler                             (abs)        000000
_UART1_ErrorHandler                                           nvBANK5      000560
_UART1_FramingErrorHandler                                    nvCOMRAM     000557
_UART1_Initialize                                             text2        0031C6
_UART1_OverrunErrorHandler                                    nvBANK5      000563
_UART1_SetErrorHandler                                        text5        003D50
_UART1_SetFramingErrorHandler                                 text4        003D42
_UART1_SetOverrunErrorHandler                                 text3        003D34
_UART1_Write                                                  text50       003C74
_WPUA                                                         (abs)        000401
_WPUB                                                         (abs)        000409
_WPUC                                                         (abs)        000411
_WPUD                                                         (abs)        000419
_WPUE                                                         (abs)        000421
_WPUF                                                         (abs)        000429
_WaitForTick                                                  text33       003CA4
__HRAM                                                        (abs)        000000
__Habs1                                                       abs1         000000
__Hbank10                                                     bank10       000000
__Hbank11                                                     bank11       000000
__Hbank12                                                     bank12       000000
__Hbank13                                                     bank13       000000
__Hbank14                                                     bank14       000000
__Hbank15                                                     bank15       000000
__Hbank16                                                     bank16       000000
__Hbank17                                                     bank17       000000
__Hbank18                                                     bank18       000000
__Hbank19                                                     bank19       000000
__Hbank20                                                     bank20       000000
__Hbank21                                                     bank21       000000
__Hbank22                                                     bank22       000000
__Hbank23                                                     bank23       000000
__Hbank24                                                     bank24       000000
__Hbank25                                                     bank25       000000
__Hbank26                                                     bank26       000000
__Hbank27                                                     bank27       000000
__Hbank28                                                     bank28       000000
__Hbank29                                                     bank29       000000
__Hbank30                                                     bank30       000000
__Hbank31                                                     bank31       000000
__Hbank32                                                     bank32       000000
__Hbank33                                                     bank33       000000
__Hbank34                                                     bank34       000000
__Hbank35                                                     bank35       000000
__Hbank36                                                     bank36       000000
__Hbank5                                                      bank5        000000
__Hbank6                                                      bank6        000000
__Hbank7                                                      bank7        000000
__Hbank8                                                      bank8        000000
__Hbank9                                                      bank9        000000
__Hbigbss                                                     bigbss       000000
__Hbigdata                                                    bigdata      000000
__Hbigram                                                     bigram       000000
__Hbss                                                        bss          000000
__HbssCOMRAM                                                  bssCOMRAM    000000
__Hcinit                                                      cinit        000000
__Hclrtext                                                    clrtext      000000
__Hcomram                                                     comram       000000
__Hconfig                                                     config       30000A
__Hconst                                                      const        000000
__HcstackCOMRAM                                               cstackCOMRAM 000000
__Hdata                                                       data         000000
__Heeprom_data                                                eeprom_data  000000
__Hfarbss                                                     farbss       000000
__Hfardata                                                    fardata      000000
__Hibigdata                                                   ibigdata     000000
__Hidata                                                      idata        000000
__Hidloc                                                      idloc        200020
__Hifardata                                                   ifardata     000000
__Hinit                                                       init         000106
__Hintsave_regs                                               intsave_regs 000000
__Hirdata                                                     irdata       000000
__Hivt0x8                                                     ivt0x8       000102
__Hmediumconst                                                mediumconst  000000
__HnvBANK5                                                    nvBANK5      000000
__HnvCOMRAM                                                   nvCOMRAM     000000
__HnvFARRAM                                                   nvFARRAM     000000
__Hnvbit                                                      nvbit        000000
__Hnvrram                                                     nvrram       000000
__Hparam                                                      rparam       000000
__Hpowerup                                                    powerup      000000
__Hram                                                        ram          000000
__Hramtop                                                     ramtop       002500
__Hrbit                                                       rbit         000000
__Hrbss                                                       rbss         000000
__Hrdata                                                      rdata        000000
__Hreset_vec                                                  reset_vec    000004
__Hrparam                                                     rparam       000000
__Hsfr                                                        sfr          000000
__Hsmallconst                                                 smallconst   002508
__Hspace_0                                                    (abs)        003E94
__Hspace_1                                                    (abs)        000566
__Hspace_2                                                    (abs)        000000
__Hspace_4                                                    (abs)        60000A
__Hstack                                                      stack        000000
__Hstruct                                                     struct       000000
__Htemp                                                       temp         000000
__Htext                                                       text         000000
__Htext0                                                      text0        000000
__Htext1                                                      text1        000000
__Htext10                                                     text10       000000
__Htext100                                                    text100      000000
__Htext101                                                    text101      000000
__Htext102                                                    text102      000000
__Htext103                                                    text103      000000
__Htext104                                                    text104      000000
__Htext105                                                    text105      000000
__Htext106                                                    text106      000000
__Htext107                                                    text107      000000
__Htext108                                                    text108      000000
__Htext109                                                    text109      000000
__Htext11                                                     text11       000000
__Htext12                                                     text12       000000
__Htext13                                                     text13       000000
__Htext14                                                     text14       000000
__Htext15                                                     text15       000000
__Htext16                                                     text16       000000
__Htext17                                                     text17       000000
__Htext18                                                     text18       000000
__Htext19                                                     text19       000000
__Htext2                                                      text2        000000
__Htext20                                                     text20       000000
__Htext21                                                     text21       000000
__Htext22                                                     text22       000000
__Htext23                                                     text23       000000
__Htext24                                                     text24       000000
__Htext25                                                     text25       000000
__Htext26                                                     text26       000000
__Htext27                                                     text27       000000
__Htext28                                                     text28       000000
__Htext29                                                     text29       000000
__Htext3                                                      text3        000000
__Htext30                                                     text30       000000
__Htext31                                                     text31       000000
__Htext32                                                     text32       000000
__Htext33                                                     text33       000000
__Htext34                                                     text34       000000
__Htext35                                                     text35       000000
__Htext36                                                     text36       000000
__Htext37                                                     text37       000000
__Htext38                                                     text38       000000
__Htext39                                                     text39       000000
__Htext4                                                      text4        000000
[...]
 Parameters:    Size  Location     Type
		None
 Auto vars:     Size  Location     Type
		None
 Return value:  Size  Location     Type
                  1    wreg      void 
 Registers used:
		None
 Tracked objects:
		On entry : 
		On exit  : 
		Unchanged: 
 Data sizes:     COMRAM   BANK5   BANK6   BANK7   BANK8   BANK9  BANK10  BANK11  BANK12  BANK13  BANK14  BANK15  BANK16  BANK17  BANK18  BANK19  BANK20  BANK21  BANK22  BANK23  BANK24  BANK25  BANK26  BANK27  BANK28  BANK29  BANK30  BANK31  BANK32  BANK33  BANK34  BANK35  BANK36
      Params:         0       0       0       0       0       0       0       0       0       0       0       0       0       0       0       0       0       0       0       0       0       0       0       0       0       0       0       0       0       0       0       0       0
      Locals:         0       0       0       0       0       0       0       0       0       0       0       0       0       0       0       0       0       0       0       0       0       0       0       0       0       0       0       0       0       0       0       0       0
      Temps:          0       0       0       0       0       0       0       0       0       0       0       0       0       0       0       0       0       0       0       0       0       0       0       0       0       0       0       0       0       0       0       0       0
      Totals:         0       0       0       0       0       0       0       0       0       0       0       0       0       0       0       0       0       0       0       0       0       0       0       0       0       0       0       0       0       0       0       0       0
Total ram usage:        0 bytes
 Hardware stack levels used:    1
 This function calls:
		Nothing
 This function is called by:
		_PWM2_16BIT_Initialize
		_PWM2_16BIT_PWMI_ISR
 This function uses a non-reentrant model


 *************** function _PWM2_16BIT_Slice1Output1_DefaultInterruptHandler *****************
 Defined at:
		line 207 in file "mcc_generated_files/pwm2_16bit.c"
 Parameters:    Size  Location     Type
		None
 Auto vars:     Size  Location     Type
		None
 Return value:  Size  Location     Type
                  1    wreg      void 
 Registers used:
		None
 Tracked objects:
		On entry : 
		On exit  : 
		Unchanged: 
 Data sizes:     COMRAM   BANK5   BANK6   BANK7   BANK8   BANK9  BANK10  BANK11  BANK12  BANK13  BANK14  BANK15  BANK16  BANK17  BANK18  BANK19  BANK20  BANK21  BANK22  BANK23  BANK24  BANK25  BANK26  BANK27  BANK28  BANK29  BANK30  BANK31  BANK32  BANK33  BANK34  BANK35  BANK36
      Params:         0       0       0       0       0       0       0       0       0       0       0       0       0       0       0       0       0       0       0       0       0       0       0       0       0       0       0       0       0       0       0       0       0
      Locals:         0       0       0       0       0       0       0       0       0       0       0       0       0       0       0       0       0       0       0       0       0       0       0       0       0       0       0       0       0       0       0       0       0
      Temps:          0       0       0       0       0       0       0       0       0       0       0       0       0       0       0       0       0       0       0       0       0       0       0       0       0       0       0       0       0       0       0       0       0
      Totals:         0       0       0       0       0       0       0       0       0       0       0       0       0       0       0       0       0       0       0       0       0       0       0       0       0       0       0       0       0       0       0       0       0
Total ram usage:        0 bytes
 Hardware stack levels used:    1
 This function calls:
		Nothing
 This function is called by:
		_PWM2_16BIT_Initialize
		_PWM2_16BIT_PWMI_ISR
 This function uses a non-reentrant model


 *************** function _PWM2_16BIT_PWMPI_ISR *****************
 Defined at:
		line 185 in file "mcc_generated_files/pwm2_16bit.c"
 Parameters:    Size  Location     Type
		None
 Auto vars:     Size  Location     Type
		None
 Return value:  Size  Location     Type
                  1    wreg      void 
 Registers used:
		wreg, status,2, status,0, pclath, tosl, cstack
 Tracked objects:
		On entry : 
		On exit  : 
		Unchanged: 
 Data sizes:     COMRAM   BANK5   BANK6   BANK7   BANK8   BANK9  BANK10  BANK11  BANK12  BANK13  BANK14  BANK15  BANK16  BANK17  BANK18  BANK19  BANK20  BANK21  BANK22  BANK23  BANK24  BANK25  BANK26  BANK27  BANK28  BANK29  BANK30  BANK31  BANK32  BANK33  BANK34  BANK35  BANK36
      Params:         0       0       0       0       0       0       0       0       0       0       0       0       0       0       0       0       0       0       0       0       0       0       0       0       0       0       0       0       0       0       0       0       0
      Locals:         0       0       0       0       0       0       0       0       0       0       0       0       0       0       0       0       0       0       0       0       0       0       0       0       0       0       0       0       0       0       0       0       0
      Temps:          0       0       0       0       0       0       0       0       0       0       0       0       0       0       0       0       0       0       0       0       0       0       0       0       0       0       0       0       0       0       0       0       0
      Totals:         0       0       0       0       0       0       0       0       0       0       0       0       0       0       0       0       0       0       0       0       0       0       0       0       0       0       0       0       0       0       0       0       0
Total ram usage:        0 bytes
 Hardware stack levels used:    1
 Hardware stack levels required when called:    1
 This function calls:
		Absolute function
		_PWM2_16BIT_Period_DefaultInterruptHandler
 This function is called by:
		Interrupt level 2
 This function uses a non-reentrant model


 *************** function _PWM2_16BIT_Period_DefaultInterruptHandler *****************
 Defined at:
		line 219 in file "mcc_generated_files/pwm2_16bit.c"
 Parameters:    Size  Location     Type
		None
 Auto vars:     Size  Location     Type
		None
 Return value:  Size  Location     Type
                  1    wreg      void 
 Registers used:
		None
 Tracked objects:
		On entry : 
		On exit  : 
		Unchanged: 
 Data sizes:     COMRAM   BANK5   BANK6   BANK7   BANK8   BANK9  BANK10  BANK11  BANK12  BANK13  BANK14  BANK15  BANK16  BANK17  BANK18  BANK19  BANK20  BANK21  BANK22  BANK23  BANK24  BANK25  BANK26  BANK27  BANK28  BANK29  BANK30  BANK31  BANK32  BANK33  BANK34  BANK35  BANK36
      Params:         0       0       0       0       0       0       0       0       0       0       0       0       0       0       0       0       0       0       0       0       0       0       0       0       0       0       0       0       0       0       0       0       0
      Locals:         0       0       0       0       0       0       0       0       0       0       0       0       0       0       0       0       0       0       0       0       0       0       0       0       0       0       0       0       0       0       0       0       0
      Temps:          0       0       0       0       0       0       0       0       0       0       0       0       0       0       0       0       0       0       0       0       0       0       0       0       0       0       0       0       0       0       0       0       0
      Totals:         0       0       0       0       0       0       0       0       0       0       0       0       0       0       0       0       0       0       0       0       0       0       0       0       0       0       0       0       0       0       0       0       0
Total ram usage:        0 bytes
 Hardware stack levels used:    1
 This function calls:
		Nothing
 This function is called by:
		_PWM2_16BIT_Initialize
		_PWM2_16BIT_PWMPI_ISR
 This function uses a non-reentrant model


 *************** function _CLC2_ISR *****************
 Defined at:
		line 97 in file "mcc_generated_files/clc2.c"
 Parameters:    Size  Location     Type
		None
 Auto vars:     Size  Location     Type
		None
 Return value:  Size  Location     Type
                  1    wreg      void 
 Registers used:
		wreg, status,2, cstack
 Tracked objects:
		On entry : 
		On exit  : 
		Unchanged: 
 Data sizes:     COMRAM   BANK5   BANK6   BANK7   BANK8   BANK9  BANK10  BANK11  BANK12  BANK13  BANK14  BANK15  BANK16  BANK17  BANK18  BANK19  BANK20  BANK21  BANK22  BANK23  BANK24  BANK25  BANK26  BANK27  BANK28  BANK29  BANK30  BANK31  BANK32  BANK33  BANK34  BANK35  BANK36
      Params:         0       0       0       0       0       0       0       0       0       0       0       0       0       0       0       0       0       0       0       0       0       0       0       0       0       0       0       0       0       0       0       0       0
      Locals:         0       0       0       0       0       0       0       0       0       0       0       0       0       0       0       0       0       0       0       0       0       0       0       0       0       0       0       0       0       0       0       0       0
      Temps:          0       0       0       0       0       0       0       0       0       0       0       0       0       0       0       0       0       0       0       0       0       0       0       0       0       0       0       0       0       0       0       0       0
      Totals:         0       0       0       0       0       0       0       0       0       0       0       0       0       0       0       0       0       0       0       0       0       0       0       0       0       0       0       0       0       0       0       0       0
Total ram usage:        0 bytes
 Hardware stack levels used:    1
 Hardware stack levels required when called:    1
 This function calls:
		_CLC2_OutputStatusGet
 This function is called by:
		Interrupt level 2
 This function uses a non-reentrant model


 *************** function _CLC2_OutputStatusGet *****************
 Defined at:
		line 106 in file "mcc_generated_files/clc2.c"
 Parameters:    Size  Location     Type
		None
 Auto vars:     Size  Location     Type
		None
 Return value:  Size  Location     Type
                  1    wreg      _Bool 
 Registers used:
		wreg
 Tracked objects:
		On entry : 
		On exit  : 
		Unchanged: 
 Data sizes:     COMRAM   BANK5   BANK6   BANK7   BANK8   BANK9  BANK10  BANK11  BANK12  BANK13  BANK14  BANK15  BANK16  BANK17  BANK18  BANK19  BANK20  BANK21  BANK22  BANK23  BANK24  BANK25  BANK26  BANK27  BANK28  BANK29  BANK30  BANK31  BANK32  BANK33  BANK34  BANK35  BANK36
      Params:         0       0       0       0       0       0       0       0       0       0       0       0       0       0       0       0       0       0       0       0       0       0       0       0       0       0       0       0       0       0       0       0       0
      Locals:         0       0       0       0       0       0       0       0       0       0       0       0       0       0       0       0       0       0       0       0       0       0       0       0       0       0       0       0       0       0       0       0       0
      Temps:          0       0       0       0       0       0       0       0       0       0       0       0       0       0       0       0       0       0       0       0       0       0       0       0       0       0       0       0       0       0       0       0       0
      Totals:         0       0       0       0       0       0       0       0       0       0       0       0       0       0       0       0       0       0       0       0       0       0       0       0       0       0       0       0       0       0       0       0       0
Total ram usage:        0 bytes
 Hardware stack levels used:    1
 This function calls:
		Nothing
 This function is called by:
		_CLC2_ISR
 This function uses a non-reentrant model



MODULE INFORMATION

Module		Function		Class		Link	Load	Size
mcc_generated_files/cmp1.c
		_CMP1_Initialize		CODE           	3CE6	0000	21

mcc_generated_files/cmp1.c estimated size: 21

mcc_generated_files/tmr6.c
		_TMR6_CallBack 		CODE           	3982	0000	49
		_TMR6_StartTimer		CODE           	3E5E	0000	7
		_TMR6_ISR      		CODE           	3E38	0000	9
		_TMR6_Initialize		CODE           	38EC	0000	51
		_TMR6_Stop     		CODE           	3E52	0000	7
		_TMR6_Start    		CODE           	3E64	0000	7
		_TMR6_SetInterruptHandler		CODE           	3D96	0000	15
		_TMR6_StopTimer		CODE           	3E4C	0000	7
		_TMR6_DefaultInterruptHandler		CODE           	3E8A	0000	3

mcc_generated_files/tmr6.c estimated size: 155

mcc_generated_files/tmr4.c
		_TMR4_Initialize		CODE           	3B94	0000	31

mcc_generated_files/tmr4.c estimated size: 31

mcc_generated_files/pwm2_16bit.c
		_PWM2_16BIT_Period_DefaultInterruptHandler		CODE           	3E92	0000	3
		_PWM2_16BIT_Period_SetInterruptHandler		CODE           	3D88	0000	15
		_PWM2_16BIT_Slice1Output1_SetInterruptHandler		CODE           	3D7A	0000	15
		_PWM2_16BIT_Slice1Output2_SetInterruptHandler		CODE           	3D6C	0000	15
		_PWM2_16BIT_Initialize		CODE           	314C	0000	123
		_PWM2_16BIT_PWMI_ISR		CODE           	2F84	0000	161
		_PWM2_16BIT_PWMPI_ISR		CODE           	3920	0000	51
		_PWM2_16BIT_Slice1Output1_DefaultInterruptHandler		CODE           	3E90	0000	3
		_PWM2_16BIT_Slice1Output2_DefaultInterruptHandler		CODE           	3E8E	0000	3

mcc_generated_files/pwm2_16bit.c estimated size: 389

mcc_generated_files/tmr2.c
		_TMR2_Initialize		CODE           	3BB2	0000	31

mcc_generated_files/tmr2.c estimated size: 31

mcc_generated_files/interrupt_manager.c
		_INTERRUPT_Initialize		CODE           	3748	0000	69
		_Default_ISR   		CODE           	3E8C	0000	3

mcc_generated_files/interrupt_manager.c estimated size: 72

mcc_generated_files/tmr0.c
		_TMR0_SetInterruptHandler		CODE           	3DA4	0000	15
		_TMR0_StopTimer		CODE           	3E70	0000	7
		_TMR0_Reload   		CODE           	3DB2	0000	15
		_TMR0_DefaultInterruptHandler		CODE           	3E88	0000	3
		_TMR0_CallBack 		CODE           	3952	0000	49
		_TMR0_StartTimer		CODE           	3E40	0000	7
		_TMR0_ISR      		CODE           	3D10	0000	21
		_TMR0_Initialize		CODE           	378C	0000	67

mcc_generated_files/tmr0.c estimated size: 184

mcc_generated_files/pin_manager.c
		_PIN_MANAGER_Initialize		CODE           	2D1C	0000	231

mcc_generated_files/pin_manager.c estimated size: 231

mcc_generated_files/dma5.c
		_DMA5_Initialize		CODE           	35CC	0000	77

mcc_generated_files/dma5.c estimated size: 77

mcc_generated_files/spi1.c
		_SPI1_Initialize		CODE           	3C5C	0000	25
		_SPI1_ExchangeByte		CODE           	3B32	0000	35

mcc_generated_files/spi1.c estimated size: 60

mcc_generated_files/dma3.c
		_DMA3_Initialize		CODE           	3664	0000	77

mcc_generated_files/dma3.c estimated size: 77

mcc_generated_files/clc2.c
		_CLC2_ISR      		CODE           	3AEC	0000	37
		_CLC2_Initialize		CODE           	380E	0000	57
		_CLC2_OutputStatusGet		CODE           	3CD0	0000	23

mcc_generated_files/clc2.c estimated size: 117

mcc_generated_files/dma1.c
		_DMA1_Initialize		CODE           	36FC	0000	77
		_DMA1_StartTransferWithTrigger		CODE           	3DFA	0000	11
		_DMA1_StopTransfer		CODE           	3DD8	0000	13

mcc_generated_files/dma1.c estimated size: 101

SST26VF064B.c
		_SST26VF064B_GlobalBlockUnlock		CODE           	3A08	0000	41
		_SST26VF064B_SPI_ReadByte		CODE           	3DE4	0000	13
		_SST26VF064B_SPI_ReadBuffer		CODE           	387E	0000	57
		_SST26VF064B_CS_Low		CODE           	3E7A	0000	5
		_SST26VF064B_CS_High		CODE           	3E7E	0000	5
		_SST26VF064B_WP_High		CODE           	3E76	0000	5
		_SST26VF064B_GetDeviceInfo		CODE           	3B10	0000	35
		_SST26VF064B_ChipErase		CODE           	39E0	0000	41
		_SST26VF064B_Initialize		CODE           	3484	0000	91
		_SST26VF064B_Read_Cmd		CODE           	3E20	0000	9
		_SST26VF064B_Command		CODE           	3E04	0000	11
		_SST26VF064B_JEDECID_Cmd		CODE           	3E30	0000	9
		_SST26VF064B_PageProgram_Cmd		CODE           	3E18	0000	9
		_SST26VF064B_WriteAddress		CODE           	3B74	0000	33
		_SST26VF064B_Hold		CODE           	3C26	0000	29
		_SST26VF064B_Busy		CODE           	3BD0	0000	31
		_SST26VF064B_WriteEnable		CODE           	3D24	0000	17

SST26VF064B.c estimated size: 441

mcc_generated_files/uart1.c
		_UART1_Write   		CODE           	3C74	0000	25
		_UART1_SetFramingErrorHandler		CODE           	3D42	0000	15
		_UART1_SetOverrunErrorHandler		CODE           	3D34	0000	15
		_UART1_Initialize		CODE           	31C6	0000	117
		_UART1_SetErrorHandler		CODE           	3D50	0000	15

mcc_generated_files/uart1.c estimated size: 187

shared
		__initialization		CODE           	3B54	0000	27
		_spi1_configuration		SMALLCONST     	2501	0000	6

shared estimated size: 33

mcc_generated_files/mcc.c
		_SystemArbiter_Initialize		CODE           	3D5E	0000	15
		_PMD_Initialize		CODE           	3A7E	0000	37
		_OSCILLATOR_Initialize		CODE           	3BEE	0000	29
		_SYSTEM_Initialize		CODE           	32A4	0000	99

mcc_generated_files/mcc.c estimated size: 180

mcc_generated_files/tmr1.c
		_TMR1_Initialize		CODE           	38B6	0000	55
		_TMR1_StopTimer		CODE           	3E6A	0000	7
		_TMR1_WriteTimer		CODE           	39B2	0000	47
		_TMR1_StartTimer		CODE           	3E46	0000	7
		_TMR1_HasOverflowOccured		CODE           	3CFA	0000	21

mcc_generated_files/tmr1.c estimated size: 137

mcc_generated_files/memory.c
		_FLASH_EraseBlock		CODE           	3306	0000	99
		_DATAEE_WriteByte		CODE           	34DE	0000	83
		_MEMORY_ISR    		CODE           	3E84	0000	5
		_DATAEE_ReadByte		CODE           	3C42	0000	27

mcc_generated_files/memory.c estimated size: 214

mcc_generated_files/dac1.c
		_DAC1_Initialize		CODE           	3DC0	0000	13

mcc_generated_files/dac1.c estimated size: 13

mcc_generated_files/dma6.c
		_DMA6_Initialize		CODE           	3580	0000	77

mcc_generated_files/dma6.c estimated size: 77

mcc_generated_files/adcc.c
		_ADCC_Initialize		CODE           	3428	0000	93

mcc_generated_files/adcc.c estimated size: 93

mcc_generated_files/dma4.c
		_DMA4_Initialize		CODE           	3618	0000	77

mcc_generated_files/dma4.c estimated size: 77

main.c
		_APP_Initialize		CODE           	33C8	0000	97
		_ResetDMA      		CODE           	3AA2	0000	37
		_FLASH_ErasePages		CODE           	323A	0000	107
		_WaitForTick   		CODE           	3CA4	0000	23
		_ResetSwitches 		CODE           	3E0E	0000	11
		_main          		CODE           	30BA	0000	147
		_AUDIO_Idle    		CODE           	2C0E	0000	271
		_LED0_Blink_Stop		CODE           	3E28	0000	9
		_AUDIO_Playback		CODE           	2A38	0000	471
		_AUDIO_Passthrough		CODE           	3368	0000	97
		_ResetAllDMA   		CODE           	3A58	0000	39
		_PingPong2SPI  		CODE           	3024	0000	151
		_TimerTick_ISR 		CODE           	37CE	0000	65
		_AUDIO_Record  		CODE           	2508	0000	723
		_AUDIO_Erase   		CODE           	2ED8	0000	173
		_TMR1_StopAndStartTimer		CODE           	3C8C	0000	25
		_AUDIO_UpdateMetaData		CODE           	2E02	0000	215
		_AUDIO_ReadMetaData		CODE           	27DA	0000	607
		_PingPong2BufferRam		CODE           	3C0A	0000	29
		_BlinkTimer_ISR		CODE           	3A30	0000	41
		_LED0_Blink_Start		CODE           	3E58	0000	7
		_FLASH_WriteWord_ByWord		CODE           	3530	0000	81

main.c estimated size: 3426

mcc_generated_files/dma2.c
		_DMA2_Initialize		CODE           	36B0	0000	77
		_DMA2_StartTransferWithTrigger		CODE           	3DF0	0000	11
		_DMA2_StopTransfer		CODE           	3DCC	0000	13

mcc_generated_files/dma2.c estimated size: 101

mcc_generated_files/clc1.c
		_CLC1_ISR      		CODE           	3AC8	0000	37
		_CLC1_Initialize		CODE           	3846	0000	57
		_CLC1_OutputStatusGet		CODE           	3CBA	0000	23

mcc_generated_files/clc1.c estimated size: 117

